User@DESKTOP-L8SOUT2 MINGW64 ~/Desktop
$ mkdir my_github

User@DESKTOP-L8SOUT2 MINGW64 ~/Desktop
$ cd my
my_github/ my-repo/

User@DESKTOP-L8SOUT2 MINGW64 ~/Desktop
$ cd my_github/

User@DESKTOP-L8SOUT2 MINGW64 ~/Desktop/my_github
$ mkdir git-workshop

User@DESKTOP-L8SOUT2 MINGW64 ~/Desktop/my_github
$ cd git-workshop/

User@DESKTOP-L8SOUT2 MINGW64 ~/Desktop/my_github/git-workshop
$ git config --global user.name "Mustafa_Kayıkcı"

User@DESKTOP-L8SOUT2 MINGW64 ~/Desktop/my_github/git-workshop
$ git config --global user.name
Mustafa_Kayıkcı

User@DESKTOP-L8SOUT2 MINGW64 ~/Desktop/my_github/git-workshop
$ git config --global user.mail "mktr6363@gmail.com"

User@DESKTOP-L8SOUT2 MINGW64 ~/Desktop/my_github/git-workshop
$ git config --global user.mail
mktr6363@gmail.com

User@DESKTOP-L8SOUT2 MINGW64 ~/Desktop/my_github/git-workshop
$ git init
Initialized empty Git repository in C:/Users/User/Desktop/my_github/git-workshop/.git/

User@DESKTOP-L8SOUT2 MINGW64 ~/Desktop/my_github/git-workshop (master)
$ ls -al
total 4
drwxr-xr-x 1 User 197121 0 Tem  5 09:52 ./
drwxr-xr-x 1 User 197121 0 Tem  5 09:44 ../
drwxr-xr-x 1 User 197121 0 Tem  5 09:52 .git/

User@DESKTOP-L8SOUT2 MINGW64 ~/Desktop/my_github/git-workshop (master)
$ git remote -v

User@DESKTOP-L8SOUT2 MINGW64 ~/Desktop/my_github/git-workshop (master)
$ touch file_1.txt

User@DESKTOP-L8SOUT2 MINGW64 ~/Desktop/my_github/git-workshop (master)
$ git status
On branch master

No commits yet

Untracked files:
  (use "git add <file>..." to include in what will be committed)
        file_1.txt

nothing added to commit but untracked files present (use "git add" to track)        

User@DESKTOP-L8SOUT2 MINGW64 ~/Desktop/my_github/git-workshop (master)
$ git add .

User@DESKTOP-L8SOUT2 MINGW64 ~/Desktop/my_github/git-workshop (master)
$ git commit -m "file_1 dosyası olusturuldu"
[master (root-commit) fec5199] file_1 dosyası olusturuldu
 1 file changed, 0 insertions(+), 0 deletions(-)
 create mode 100644 file_1.txt

User@DESKTOP-L8SOUT2 MINGW64 ~/Desktop/my_github/git-workshop (master)
$ git branch -m main

User@DESKTOP-L8SOUT2 MINGW64 ~/Desktop/my_github/git-workshop (main)
$ git branch
* main

User@DESKTOP-L8SOUT2 MINGW64 ~/Desktop/my_github/git-workshop (main)
$ git remote add origin https://github.com/Muka6363/git-workshop.git

User@DESKTOP-L8SOUT2 MINGW64 ~/Desktop/my_github/git-workshop (main)
$ git remote -v
origin  https://github.com/Muka6363/git-workshop.git (fetch)
origin  https://github.com/Muka6363/git-workshop.git (push)

User@DESKTOP-L8SOUT2 MINGW64 ~/Desktop/gıt-gıthub/git_workshop (main)
$ git push -u origin main
Enumerating objects: 3, done.
Counting objects: 100% (3/3), done.
Writing objects: 100% (3/3), 227 bytes | 113.00 KiB/s, done.
Total 3 (delta 0), reused 0 (delta 0), pack-reused 0
To https://github.com/Muka6363/git_workshop.git
 * [new branch]      main -> main
branch 'main' set up to track 'origin/main'.

User@DESKTOP-L8SOUT2 MINGW64 ~/Desktop/gıt-gıthub/git_workshop (main)
$ git clone https://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@github.com/Muka6363/git_workshop_2.git
Cloning into 'git_workshop_2'...
warning: You appear to have cloned an empty repository.

User@DESKTOP-L8SOUT2 MINGW64 ~/Desktop/gıt-gıthub
$ ls -al
total 20
drwxr-xr-x 1 User 197121 0 Tem  5 14:13 ./
drwxr-xr-x 1 User 197121 0 Tem  5 11:23 ../
drwxr-xr-x 1 User 197121 0 Tem  4 19:25 gıt_lesson/
drwxr-xr-x 1 User 197121 0 Tem  5 14:12 git_workshop/
drwxr-xr-x 1 User 197121 0 Tem  5 14:13 git_workshop_2/

User@DESKTOP-L8SOUT2 MINGW64 ~/Desktop/gıt-gıthub/git_workshop (main)
$ git remote -v
origin  https://github.com/Muka6363/git_workshop.git (fetch)
origin  https://github.com/Muka6363/git_workshop.git (push)

User@DESKTOP-L8SOUT2 MINGW64 ~/Desktop/gıt-gıthub/git_workshop (main)
$ ls -al
total 8
drwxr-xr-x 1 User 197121 0 Tem  5 14:12 ./
drwxr-xr-x 1 User 197121 0 Tem  5 14:13 ../
drwxr-xr-x 1 User 197121 0 Tem  5 14:08 .git/
-rw-r--r-- 1 User 197121 0 Tem  5 11:27 file1.txt
drwxr-xr-x 1 User 197121 0 Tem  5 14:12 git_workshop_2/

User@DESKTOP-L8SOUT2 MINGW64 ~/Desktop/gıt-gıthub/git_workshop (main)
$ git branch
* main

User@DESKTOP-L8SOUT2 MINGW64 ~/Desktop/gıt-gıthub/git_workshop (main)
$ git checkout -b new-feature-1
Switched to a new branch 'new-feature-1'

User@DESKTOP-L8SOUT2 MINGW64 ~/Desktop/gıt-gıthub/git_workshop (new-feature-1)
$ git branch
  main
* new-feature-1

User@DESKTOP-L8SOUT2 MINGW64 ~/Desktop/gıt-gıthub/git_workshop (new-feature-1)
$ ls -al
total 8
drwxr-xr-x 1 User 197121 0 Tem  5 14:12 ./
drwxr-xr-x 1 User 197121 0 Tem  5 14:13 ../
drwxr-xr-x 1 User 197121 0 Tem  5 14:28 .git/
-rw-r--r-- 1 User 197121 0 Tem  5 11:27 file1.txt
drwxr-xr-x 1 User 197121 0 Tem  5 14:19 git_workshop_2/

User@DESKTOP-L8SOUT2 MINGW64 ~/Desktop/gıt-gıthub/git_workshop/git_workshop_2 (main)
$ ls
test.txt

User@DESKTOP-L8SOUT2 MINGW64 ~/Desktop/gıt-gıthub/git_workshop/git_workshop_2 (main)
$ cat > test.txt 
bu yazı deneme amacıyla olusturulmustur. burdan cıkmak ıcın ctrl d
User@DESKTOP-L8SOUT2 MINGW64 ~/Desktop/gıt-gıthub/git_workshop/git_workshop_2 (main)
$ cat test.txt 
bu yazı deneme amacıyla olusturulmustur. burdan cıkmak ıcın ctrl d

User@DESKTOP-L8SOUT2 MINGW64 ~/Desktop/gıt-gıthub/git_workshop/git_workshop_2 (main)
$ git add .

User@DESKTOP-L8SOUT2 MINGW64 ~/Desktop/gıt-gıthub/git_workshop/git_workshop_2 (main)
$ git commit -m "dosyaıcıne bıseyler yazıldı"
[main (root-commit) b290972] dosyaıcıne bıseyler yazıldı
 1 file changed, 1 insertion(+)
 create mode 100644 test.txt

User@DESKTOP-L8SOUT2 MINGW64 ~/Desktop/gıt-gıthub/git_workshop/git_workshop_2 (new_feature_1)
$ git add .

User@DESKTOP-L8SOUT2 MINGW64 ~/Desktop/gıt-gıthub/git_workshop/git_workshop_2 (new_feature_1)
$ git commit -m "bı daha bıseyler yazıldı"
[new_feature_1 06e5e47] bı daha bıseyler yazıldı
 1 file changed, 1 insertion(+), 1 deletion(-)

User@DESKTOP-L8SOUT2 MINGW64 ~/Desktop/gıt-gıthub/git_workshop/git_workshop_2 (new_feature_1)
$ git checkout main
Switched to branch 'main'
Your branch is based on 'origin/main', but the upstream is gone.
  (use "git branch --unset-upstream" to fixup)

User@DESKTOP-L8SOUT2 MINGW64 ~/Desktop/gıt-gıthub/git_workshop/git_workshop_2 (main)
$ git checkout main
Already on 'main'
Your branch is based on 'origin/main', but the upstream is gone.
  (use "git branch --unset-upstream" to fixup)

User@DESKTOP-L8SOUT2 MINGW64 ~/Desktop/gıt-gıthub/git_workshop/git_workshop_2 (main)
$ cat test.txt 
bu yazı deneme amacıyla olusturulmustur. burdan cıkmak ıcın ctrl d
User@DESKTOP-L8SOUT2 MINGW64 ~/Desktop/gıt-gıthub/git_workshop/git_workshop_2 (main)
$ git merge new_feature_1
Updating b290972..06e5e47
Fast-forward
 test.txt | 2 +-
 1 file changed, 1 insertion(+), 1 deletion(-)

User@DESKTOP-L8SOUT2 MINGW64 ~/Desktop/gıt-gıthub/git_workshop/git_workshop_2 (main)
$ git status
On branch main
Your branch is based on 'origin/main', but the upstream is gone.
  (use "git branch --unset-upstream" to fixup)

nothing to commit, working tree clean

User@DESKTOP-L8SOUT2 MINGW64 ~/Desktop/gıt-gıthub/git_workshop/git_workshop_2 (main)
$ git status
On branch main
Your branch is based on 'origin/main', but the upstream is gone.
  (use "git branch --unset-upstream" to fixup)

nothing to commit, working tree clean

User@DESKTOP-L8SOUT2 MINGW64 ~/Desktop/gıt-gıthub/git_workshop/git_workshop_2 (main)
$ ls -al
total 5
drwxr-xr-x 1 User 197121   0 Tem  5 15:08 ./
drwxr-xr-x 1 User 197121   0 Tem  5 14:12 ../
drwxr-xr-x 1 User 197121   0 Tem  5 15:08 .git/
-rw-r--r-- 1 User 197121 117 Tem  5 15:08 test.txt

User@DESKTOP-L8SOUT2 MINGW64 ~/Desktop/gıt-gıthub/git_workshop/git_workshop_2 (main)
$ cat test.txt 
bu yazı deneme amacıyla olusturulmustur. cat > ..... komutuyla olusutldugu ıcın... burdan cıkmak ıcın ctrl d

User@DESKTOP-L8SOUT2 MINGW64 ~/Desktop/gıt-gıthub/git_workshop/git_workshop_2 (main)
$ git branch
* main
  new_feature_1

User@DESKTOP-L8SOUT2 MINGW64 ~/Desktop/gıt-gıthub/git_workshop/git_workshop_2 (main)
$ git branch nex_fetaur_2

User@DESKTOP-L8SOUT2 MINGW64 ~/Desktop/gıt-gıthub/git_workshop/git_workshop_2 (main)
$ git checkout nex_fetaur_2
Switched to branch 'nex_fetaur_2'

User@DESKTOP-L8SOUT2 MINGW64 ~/Desktop/gıt-gıthub/git_workshop/git_workshop_2 (nex_fetaur_2)
$ touch test2.txt

User@DESKTOP-L8SOUT2 MINGW64 ~/Desktop/gıt-gıthub/git_workshop/git_workshop_2 (nex_fetaur_2)
$ vim test2.txt

User@DESKTOP-L8SOUT2 MINGW64 ~/Desktop/gıt-gıthub/git_workshop/git_workshop_2 (nex_fetaur_2)
$ git checkout main 
Switched to branch 'main'
Your branch is based on 'origin/main', but the upstream is gone.
  (use "git branch --unset-upstream" to fixup)

User@DESKTOP-L8SOUT2 MINGW64 ~/Desktop/gıt-gıthub/git_workshop/git_workshop_2 (main)
$ touch test3.txt

User@DESKTOP-L8SOUT2 MINGW64 ~/Desktop/gıt-gıthub/git_workshop/git_workshop_2 (main)
$ cat test2.txt 
 bu yazıyı sırf hoca dedı dıye yazıyorum...

User@DESKTOP-L8SOUT2 MINGW64 ~/Desktop/gıt-gıthub/git_workshop/git_workshop_2 (main)
$ cat > test2.txt 
bu ıkıncı kez yazılan yazıdır... ctrl d cıkıs
User@DESKTOP-L8SOUT2 MINGW64 ~/Desktop/gıt-gıthub/git_workshop/git_workshop_2 (main)
$ cat test2.txt
bu ıkıncı kez yazılan yazıdır... ctrl d cıkıs

User@DESKTOP-L8SOUT2 MINGW64 ~/Desktop/gıt-gıthub/git_workshop (main)
$ cd git_workshop_2/

User@DESKTOP-L8SOUT2 MINGW64 ~/Desktop/gıt-gıthub/git_workshop/git_workshop_2 (main)
$ git remote -v
origin  https://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@github.com/Muka6363/git_workshop_2.git (fetch)
origin  https://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@github.com/Muka6363/git_workshop_2.git (push)

User@DESKTOP-L8SOUT2 MINGW64 ~/Desktop/gıt-gıthub/git_workshop/git_workshop_2 (main)
$ git push -u origin main
Enumerating objects: 6, done.
Counting objects: 100% (6/6), done.
Delta compression using up to 4 threads
Compressing objects: 100% (4/4), done.
Writing objects: 100% (6/6), 621 bytes | 207.00 KiB/s, done.
Total 6 (delta 0), reused 0 (delta 0), pack-reused 0
To https://github.com/Muka6363/git_workshop_2.git
 * [new branch]      main -> main
branch 'main' set up to track 'origin/main'.


							BU IS BU KADAR...:))






















































































































